main.c:91:6:outPWM	24	static
main.c:106:5:main	8	static
main.c:211:6:SystemClock_Config	88	static
main.c:257:13:MX_ADC1_Init	24	static
main.c:318:13:MX_TIM1_Init	96	static
main.c:401:13:MX_TIM2_Init	32	static
main.c:455:13:MX_USART1_UART_Init	8	static
main.c:486:13:MX_DMA_Init	16	static
main.c:504:13:MX_GPIO_Init	40	static
main.c:527:6:phase	24	static
main.c:618:6:HAL_ADC_ConvCpltCallback	16	static
main.c:622:6:sound	16	static
main.c:643:6:HAL_TIM_IC_CaptureCallback	16	static
main.c:684:6:Error_Handler	4	static
