main.c:105:6:outPWM	24	static
main.c:122:5:main	8	static
main.c:243:6:SystemClock_Config	88	static
main.c:289:13:MX_ADC1_Init	24	static
main.c:366:13:MX_TIM1_Init	96	static
main.c:449:13:MX_TIM2_Init	96	static
main.c:537:13:MX_USART1_UART_Init	8	static
main.c:568:13:MX_DMA_Init	16	static
main.c:586:13:MX_GPIO_Init	40	static
main.c:609:6:phase	16	static
main.c:697:6:ZeroCross	16	static
main.c:726:6:HAL_ADC_ConvCpltCallback	16	static
main.c:730:6:sound	16	static
main.c:751:6:HAL_TIM_IC_CaptureCallback	24	static
main.c:799:6:Error_Handler	4	static
